// Vitest Snapshot v1, https://vitest.dev/guide/snapshot.html

exports[`background shell activity stays visible until it really finishes > matches the Codex summary above the composer and supports /ps and /stop > active background terminal bottom pane 1`] = `
{
  "rows": [
    "  1 background terminal running · /ps to view · /stop to close",
    "",
    "",
    "› Ask Rig to do anything",
    "",
    "",
    "  gym off · /workspace · main [default] · full access",
  ],
  "summaryCells": [
    {
      "background": null,
      "bold": false,
      "dim": true,
      "foreground": null,
      "italic": false,
      "text": "1",
      "x": 2,
    },
    {
      "background": null,
      "bold": false,
      "dim": true,
      "foreground": null,
      "italic": false,
      "text": "b",
      "x": 4,
    },
    {
      "background": null,
      "bold": false,
      "dim": true,
      "foreground": null,
      "italic": false,
      "text": "a",
      "x": 5,
    },
    {
      "background": null,
      "bold": false,
      "dim": true,
      "foreground": null,
      "italic": false,
      "text": "c",
      "x": 6,
    },
    {
      "background": null,
      "bold": false,
      "dim": true,
      "foreground": null,
      "italic": false,
      "text": "k",
      "x": 7,
    },
    {
      "background": null,
      "bold": false,
      "dim": true,
      "foreground": null,
      "italic": false,
      "text": "g",
      "x": 8,
    },
    {
      "background": null,
      "bold": false,
      "dim": true,
      "foreground": null,
      "italic": false,
      "text": "r",
      "x": 9,
    },
    {
      "background": null,
      "bold": false,
      "dim": true,
      "foreground": null,
      "italic": false,
      "text": "o",
      "x": 10,
    },
    {
      "background": null,
      "bold": false,
      "dim": true,
      "foreground": null,
      "italic": false,
      "text": "u",
      "x": 11,
    },
    {
      "background": null,
      "bold": false,
      "dim": true,
      "foreground": null,
      "italic": false,
      "text": "n",
      "x": 12,
    },
    {
      "background": null,
      "bold": false,
      "dim": true,
      "foreground": null,
      "italic": false,
      "text": "d",
      "x": 13,
    },
    {
      "background": null,
      "bold": false,
      "dim": true,
      "foreground": null,
      "italic": false,
      "text": "t",
      "x": 15,
    },
    {
      "background": null,
      "bold": false,
      "dim": true,
      "foreground": null,
      "italic": false,
      "text": "e",
      "x": 16,
    },
    {
      "background": null,
      "bold": false,
      "dim": true,
      "foreground": null,
      "italic": false,
      "text": "r",
      "x": 17,
    },
    {
      "background": null,
      "bold": false,
      "dim": true,
      "foreground": null,
      "italic": false,
      "text": "m",
      "x": 18,
    },
    {
      "background": null,
      "bold": false,
      "dim": true,
      "foreground": null,
      "italic": false,
      "text": "i",
      "x": 19,
    },
    {
      "background": null,
      "bold": false,
      "dim": true,
      "foreground": null,
      "italic": false,
      "text": "n",
      "x": 20,
    },
    {
      "background": null,
      "bold": false,
      "dim": true,
      "foreground": null,
      "italic": false,
      "text": "a",
      "x": 21,
    },
    {
      "background": null,
      "bold": false,
      "dim": true,
      "foreground": null,
      "italic": false,
      "text": "l",
      "x": 22,
    },
    {
      "background": null,
      "bold": false,
      "dim": true,
      "foreground": null,
      "italic": false,
      "text": "r",
      "x": 24,
    },
    {
      "background": null,
      "bold": false,
      "dim": true,
      "foreground": null,
      "italic": false,
      "text": "u",
      "x": 25,
    },
    {
      "background": null,
      "bold": false,
      "dim": true,
      "foreground": null,
      "italic": false,
      "text": "n",
      "x": 26,
    },
    {
      "background": null,
      "bold": false,
      "dim": true,
      "foreground": null,
      "italic": false,
      "text": "n",
      "x": 27,
    },
    {
      "background": null,
      "bold": false,
      "dim": true,
      "foreground": null,
      "italic": false,
      "text": "i",
      "x": 28,
    },
    {
      "background": null,
      "bold": false,
      "dim": true,
      "foreground": null,
      "italic": false,
      "text": "n",
      "x": 29,
    },
    {
      "background": null,
      "bold": false,
      "dim": true,
      "foreground": null,
      "italic": false,
      "text": "g",
      "x": 30,
    },
    {
      "background": null,
      "bold": false,
      "dim": true,
      "foreground": null,
      "italic": false,
      "text": "·",
      "x": 32,
    },
    {
      "background": null,
      "bold": false,
      "dim": true,
      "foreground": null,
      "italic": false,
      "text": "/",
      "x": 34,
    },
    {
      "background": null,
      "bold": false,
      "dim": true,
      "foreground": null,
      "italic": false,
      "text": "p",
      "x": 35,
    },
    {
      "background": null,
      "bold": false,
      "dim": true,
      "foreground": null,
      "italic": false,
      "text": "s",
      "x": 36,
    },
    {
      "background": null,
      "bold": false,
      "dim": true,
      "foreground": null,
      "italic": false,
      "text": "t",
      "x": 38,
    },
    {
      "background": null,
      "bold": false,
      "dim": true,
      "foreground": null,
      "italic": false,
      "text": "o",
      "x": 39,
    },
    {
      "background": null,
      "bold": false,
      "dim": true,
      "foreground": null,
      "italic": false,
      "text": "v",
      "x": 41,
    },
    {
      "background": null,
      "bold": false,
      "dim": true,
      "foreground": null,
      "italic": false,
      "text": "i",
      "x": 42,
    },
    {
      "background": null,
      "bold": false,
      "dim": true,
      "foreground": null,
      "italic": false,
      "text": "e",
      "x": 43,
    },
    {
      "background": null,
      "bold": false,
      "dim": true,
      "foreground": null,
      "italic": false,
      "text": "w",
      "x": 44,
    },
    {
      "background": null,
      "bold": false,
      "dim": true,
      "foreground": null,
      "italic": false,
      "text": "·",
      "x": 46,
    },
    {
      "background": null,
      "bold": false,
      "dim": true,
      "foreground": null,
      "italic": false,
      "text": "/",
      "x": 48,
    },
    {
      "background": null,
      "bold": false,
      "dim": true,
      "foreground": null,
      "italic": false,
      "text": "s",
      "x": 49,
    },
    {
      "background": null,
      "bold": false,
      "dim": true,
      "foreground": null,
      "italic": false,
      "text": "t",
      "x": 50,
    },
    {
      "background": null,
      "bold": false,
      "dim": true,
      "foreground": null,
      "italic": false,
      "text": "o",
      "x": 51,
    },
    {
      "background": null,
      "bold": false,
      "dim": true,
      "foreground": null,
      "italic": false,
      "text": "p",
      "x": 52,
    },
    {
      "background": null,
      "bold": false,
      "dim": true,
      "foreground": null,
      "italic": false,
      "text": "t",
      "x": 54,
    },
    {
      "background": null,
      "bold": false,
      "dim": true,
      "foreground": null,
      "italic": false,
      "text": "o",
      "x": 55,
    },
    {
      "background": null,
      "bold": false,
      "dim": true,
      "foreground": null,
      "italic": false,
      "text": "c",
      "x": 57,
    },
    {
      "background": null,
      "bold": false,
      "dim": true,
      "foreground": null,
      "italic": false,
      "text": "l",
      "x": 58,
    },
    {
      "background": null,
      "bold": false,
      "dim": true,
      "foreground": null,
      "italic": false,
      "text": "o",
      "x": 59,
    },
    {
      "background": null,
      "bold": false,
      "dim": true,
      "foreground": null,
      "italic": false,
      "text": "s",
      "x": 60,
    },
    {
      "background": null,
      "bold": false,
      "dim": true,
      "foreground": null,
      "italic": false,
      "text": "e",
      "x": 61,
    },
  ],
}
`;
