// Vitest Snapshot v1, https://vitest.dev/guide/snapshot.html

exports[`background subagent completion routes to its parent > reports deterministic child work and leaves the parent terminal usable > passive background completion 1`] = `
{
  "notificationCells": [
    {
      "background": null,
      "bold": false,
      "dim": false,
      "foreground": {
        "index": 3,
        "kind": "palette",
      },
      "italic": false,
      "text": "•",
      "x": 0,
      "y": 14,
    },
    {
      "background": null,
      "bold": true,
      "dim": false,
      "foreground": null,
      "italic": false,
      "text": "B",
      "x": 2,
      "y": 14,
    },
    {
      "background": null,
      "bold": true,
      "dim": false,
      "foreground": null,
      "italic": false,
      "text": "a",
      "x": 3,
      "y": 14,
    },
    {
      "background": null,
      "bold": true,
      "dim": false,
      "foreground": null,
      "italic": false,
      "text": "c",
      "x": 4,
      "y": 14,
    },
    {
      "background": null,
      "bold": true,
      "dim": false,
      "foreground": null,
      "italic": false,
      "text": "k",
      "x": 5,
      "y": 14,
    },
    {
      "background": null,
      "bold": true,
      "dim": false,
      "foreground": null,
      "italic": false,
      "text": "g",
      "x": 6,
      "y": 14,
    },
    {
      "background": null,
      "bold": true,
      "dim": false,
      "foreground": null,
      "italic": false,
      "text": "r",
      "x": 7,
      "y": 14,
    },
    {
      "background": null,
      "bold": true,
      "dim": false,
      "foreground": null,
      "italic": false,
      "text": "o",
      "x": 8,
      "y": 14,
    },
    {
      "background": null,
      "bold": true,
      "dim": false,
      "foreground": null,
      "italic": false,
      "text": "u",
      "x": 9,
      "y": 14,
    },
    {
      "background": null,
      "bold": true,
      "dim": false,
      "foreground": null,
      "italic": false,
      "text": "n",
      "x": 10,
      "y": 14,
    },
    {
      "background": null,
      "bold": true,
      "dim": false,
      "foreground": null,
      "italic": false,
      "text": "d",
      "x": 11,
      "y": 14,
    },
    {
      "background": null,
      "bold": true,
      "dim": false,
      "foreground": null,
      "italic": false,
      "text": "w",
      "x": 13,
      "y": 14,
    },
    {
      "background": null,
      "bold": true,
      "dim": false,
      "foreground": null,
      "italic": false,
      "text": "o",
      "x": 14,
      "y": 14,
    },
    {
      "background": null,
      "bold": true,
      "dim": false,
      "foreground": null,
      "italic": false,
      "text": "r",
      "x": 15,
      "y": 14,
    },
    {
      "background": null,
      "bold": true,
      "dim": false,
      "foreground": null,
      "italic": false,
      "text": "k",
      "x": 16,
      "y": 14,
    },
    {
      "background": null,
      "bold": false,
      "dim": false,
      "foreground": null,
      "italic": false,
      "text": """,
      "x": 18,
      "y": 14,
    },
    {
      "background": null,
      "bold": false,
      "dim": false,
      "foreground": null,
      "italic": false,
      "text": "I",
      "x": 19,
      "y": 14,
    },
    {
      "background": null,
      "bold": false,
      "dim": false,
      "foreground": null,
      "italic": false,
      "text": "n",
      "x": 20,
      "y": 14,
    },
    {
      "background": null,
      "bold": false,
      "dim": false,
      "foreground": null,
      "italic": false,
      "text": "s",
      "x": 21,
      "y": 14,
    },
    {
      "background": null,
      "bold": false,
      "dim": false,
      "foreground": null,
      "italic": false,
      "text": "p",
      "x": 22,
      "y": 14,
    },
    {
      "background": null,
      "bold": false,
      "dim": false,
      "foreground": null,
      "italic": false,
      "text": "e",
      "x": 23,
      "y": 14,
    },
    {
      "background": null,
      "bold": false,
      "dim": false,
      "foreground": null,
      "italic": false,
      "text": "c",
      "x": 24,
      "y": 14,
    },
    {
      "background": null,
      "bold": false,
      "dim": false,
      "foreground": null,
      "italic": false,
      "text": "t",
      "x": 25,
      "y": 14,
    },
    {
      "background": null,
      "bold": false,
      "dim": false,
      "foreground": null,
      "italic": false,
      "text": "w",
      "x": 27,
      "y": 14,
    },
    {
      "background": null,
      "bold": false,
      "dim": false,
      "foreground": null,
      "italic": false,
      "text": "o",
      "x": 28,
      "y": 14,
    },
    {
      "background": null,
      "bold": false,
      "dim": false,
      "foreground": null,
      "italic": false,
      "text": "r",
      "x": 29,
      "y": 14,
    },
    {
      "background": null,
      "bold": false,
      "dim": false,
      "foreground": null,
      "italic": false,
      "text": "k",
      "x": 30,
      "y": 14,
    },
    {
      "background": null,
      "bold": false,
      "dim": false,
      "foreground": null,
      "italic": false,
      "text": "s",
      "x": 31,
      "y": 14,
    },
    {
      "background": null,
      "bold": false,
      "dim": false,
      "foreground": null,
      "italic": false,
      "text": "p",
      "x": 32,
      "y": 14,
    },
    {
      "background": null,
      "bold": false,
      "dim": false,
      "foreground": null,
      "italic": false,
      "text": "a",
      "x": 33,
      "y": 14,
    },
    {
      "background": null,
      "bold": false,
      "dim": false,
      "foreground": null,
      "italic": false,
      "text": "c",
      "x": 34,
      "y": 14,
    },
    {
      "background": null,
      "bold": false,
      "dim": false,
      "foreground": null,
      "italic": false,
      "text": "e",
      "x": 35,
      "y": 14,
    },
    {
      "background": null,
      "bold": false,
      "dim": false,
      "foreground": null,
      "italic": false,
      "text": """,
      "x": 36,
      "y": 14,
    },
    {
      "background": null,
      "bold": false,
      "dim": false,
      "foreground": null,
      "italic": false,
      "text": "c",
      "x": 38,
      "y": 14,
    },
    {
      "background": null,
      "bold": false,
      "dim": false,
      "foreground": null,
      "italic": false,
      "text": "o",
      "x": 39,
      "y": 14,
    },
    {
      "background": null,
      "bold": false,
      "dim": false,
      "foreground": null,
      "italic": false,
      "text": "m",
      "x": 40,
      "y": 14,
    },
    {
      "background": null,
      "bold": false,
      "dim": false,
      "foreground": null,
      "italic": false,
      "text": "p",
      "x": 41,
      "y": 14,
    },
    {
      "background": null,
      "bold": false,
      "dim": false,
      "foreground": null,
      "italic": false,
      "text": "l",
      "x": 42,
      "y": 14,
    },
    {
      "background": null,
      "bold": false,
      "dim": false,
      "foreground": null,
      "italic": false,
      "text": "e",
      "x": 43,
      "y": 14,
    },
    {
      "background": null,
      "bold": false,
      "dim": false,
      "foreground": null,
      "italic": false,
      "text": "t",
      "x": 44,
      "y": 14,
    },
    {
      "background": null,
      "bold": false,
      "dim": false,
      "foreground": null,
      "italic": false,
      "text": "e",
      "x": 45,
      "y": 14,
    },
    {
      "background": null,
      "bold": false,
      "dim": false,
      "foreground": null,
      "italic": false,
      "text": "d",
      "x": 46,
      "y": 14,
    },
    {
      "background": null,
      "bold": false,
      "dim": false,
      "foreground": null,
      "italic": false,
      "text": ".",
      "x": 47,
      "y": 14,
    },
  ],
  "rows": [
    "• Background work "Inspect workspace" completed.",
    "",
    "• PARENT_CONTINUING_AFTER_SPAWN",
    "",
    "• PARENT_ACKNOWLEDGED_SUBAGENT_RESULT",
    "",
    "",
    "› Ask Rig to do anything",
    "",
    "  gym off · /workspace · main [default] · full access",
    "",
    "",
    "",
    "",
  ],
}
`;
