// Vitest Snapshot v1, https://vitest.dev/guide/snapshot.html

exports[`repeated background terminal polling > updates one persistent timeline row while polling > coalesced background terminal polling 1`] = `
{
  "rows": [
    "• Waited for background terminal · sleep 3; printf 'POLLING_COMPLETE\\n'",
    "",
    "• Background terminal completed · sleep 3; printf 'POLLING_COMPLETE\\n'",
    "",
    "────────────────────────────────────────────────────────────────────────────────────────────",
    "",
    "• BACKGROUND_POLLING_DONE",
    "",
    "─ Worked for 3s ────────────────────────────────────────────────────────────────────────────",
    "",
    "",
    "› Ask Rig to do anything",
    "",
    "",
    "  gym off · /workspace · main [default] · full access",
    "",
    "",
  ],
  "waitCells": [
    {
      "background": null,
      "bold": false,
      "dim": false,
      "foreground": null,
      "italic": false,
      "text": "•",
      "x": 0,
      "y": 11,
    },
    {
      "background": null,
      "bold": true,
      "dim": false,
      "foreground": null,
      "italic": false,
      "text": "W",
      "x": 2,
      "y": 11,
    },
    {
      "background": null,
      "bold": true,
      "dim": false,
      "foreground": null,
      "italic": false,
      "text": "a",
      "x": 3,
      "y": 11,
    },
    {
      "background": null,
      "bold": true,
      "dim": false,
      "foreground": null,
      "italic": false,
      "text": "i",
      "x": 4,
      "y": 11,
    },
    {
      "background": null,
      "bold": true,
      "dim": false,
      "foreground": null,
      "italic": false,
      "text": "t",
      "x": 5,
      "y": 11,
    },
    {
      "background": null,
      "bold": true,
      "dim": false,
      "foreground": null,
      "italic": false,
      "text": "e",
      "x": 6,
      "y": 11,
    },
    {
      "background": null,
      "bold": true,
      "dim": false,
      "foreground": null,
      "italic": false,
      "text": "d",
      "x": 7,
      "y": 11,
    },
    {
      "background": null,
      "bold": true,
      "dim": false,
      "foreground": null,
      "italic": false,
      "text": "f",
      "x": 9,
      "y": 11,
    },
    {
      "background": null,
      "bold": true,
      "dim": false,
      "foreground": null,
      "italic": false,
      "text": "o",
      "x": 10,
      "y": 11,
    },
    {
      "background": null,
      "bold": true,
      "dim": false,
      "foreground": null,
      "italic": false,
      "text": "r",
      "x": 11,
      "y": 11,
    },
    {
      "background": null,
      "bold": true,
      "dim": false,
      "foreground": null,
      "italic": false,
      "text": "b",
      "x": 13,
      "y": 11,
    },
    {
      "background": null,
      "bold": true,
      "dim": false,
      "foreground": null,
      "italic": false,
      "text": "a",
      "x": 14,
      "y": 11,
    },
    {
      "background": null,
      "bold": true,
      "dim": false,
      "foreground": null,
      "italic": false,
      "text": "c",
      "x": 15,
      "y": 11,
    },
    {
      "background": null,
      "bold": true,
      "dim": false,
      "foreground": null,
      "italic": false,
      "text": "k",
      "x": 16,
      "y": 11,
    },
    {
      "background": null,
      "bold": true,
      "dim": false,
      "foreground": null,
      "italic": false,
      "text": "g",
      "x": 17,
      "y": 11,
    },
    {
      "background": null,
      "bold": true,
      "dim": false,
      "foreground": null,
      "italic": false,
      "text": "r",
      "x": 18,
      "y": 11,
    },
    {
      "background": null,
      "bold": true,
      "dim": false,
      "foreground": null,
      "italic": false,
      "text": "o",
      "x": 19,
      "y": 11,
    },
    {
      "background": null,
      "bold": true,
      "dim": false,
      "foreground": null,
      "italic": false,
      "text": "u",
      "x": 20,
      "y": 11,
    },
    {
      "background": null,
      "bold": true,
      "dim": false,
      "foreground": null,
      "italic": false,
      "text": "n",
      "x": 21,
      "y": 11,
    },
    {
      "background": null,
      "bold": true,
      "dim": false,
      "foreground": null,
      "italic": false,
      "text": "d",
      "x": 22,
      "y": 11,
    },
    {
      "background": null,
      "bold": true,
      "dim": false,
      "foreground": null,
      "italic": false,
      "text": "t",
      "x": 24,
      "y": 11,
    },
    {
      "background": null,
      "bold": true,
      "dim": false,
      "foreground": null,
      "italic": false,
      "text": "e",
      "x": 25,
      "y": 11,
    },
    {
      "background": null,
      "bold": true,
      "dim": false,
      "foreground": null,
      "italic": false,
      "text": "r",
      "x": 26,
      "y": 11,
    },
    {
      "background": null,
      "bold": true,
      "dim": false,
      "foreground": null,
      "italic": false,
      "text": "m",
      "x": 27,
      "y": 11,
    },
    {
      "background": null,
      "bold": true,
      "dim": false,
      "foreground": null,
      "italic": false,
      "text": "i",
      "x": 28,
      "y": 11,
    },
    {
      "background": null,
      "bold": true,
      "dim": false,
      "foreground": null,
      "italic": false,
      "text": "n",
      "x": 29,
      "y": 11,
    },
    {
      "background": null,
      "bold": true,
      "dim": false,
      "foreground": null,
      "italic": false,
      "text": "a",
      "x": 30,
      "y": 11,
    },
    {
      "background": null,
      "bold": true,
      "dim": false,
      "foreground": null,
      "italic": false,
      "text": "l",
      "x": 31,
      "y": 11,
    },
    {
      "background": null,
      "bold": false,
      "dim": true,
      "foreground": null,
      "italic": false,
      "text": "·",
      "x": 33,
      "y": 11,
    },
    {
      "background": null,
      "bold": false,
      "dim": true,
      "foreground": null,
      "italic": false,
      "text": "s",
      "x": 35,
      "y": 11,
    },
    {
      "background": null,
      "bold": false,
      "dim": true,
      "foreground": null,
      "italic": false,
      "text": "l",
      "x": 36,
      "y": 11,
    },
    {
      "background": null,
      "bold": false,
      "dim": true,
      "foreground": null,
      "italic": false,
      "text": "e",
      "x": 37,
      "y": 11,
    },
    {
      "background": null,
      "bold": false,
      "dim": true,
      "foreground": null,
      "italic": false,
      "text": "e",
      "x": 38,
      "y": 11,
    },
    {
      "background": null,
      "bold": false,
      "dim": true,
      "foreground": null,
      "italic": false,
      "text": "p",
      "x": 39,
      "y": 11,
    },
    {
      "background": null,
      "bold": false,
      "dim": true,
      "foreground": null,
      "italic": false,
      "text": "3",
      "x": 41,
      "y": 11,
    },
    {
      "background": null,
      "bold": false,
      "dim": true,
      "foreground": null,
      "italic": false,
      "text": ";",
      "x": 42,
      "y": 11,
    },
    {
      "background": null,
      "bold": false,
      "dim": true,
      "foreground": null,
      "italic": false,
      "text": "p",
      "x": 44,
      "y": 11,
    },
    {
      "background": null,
      "bold": false,
      "dim": true,
      "foreground": null,
      "italic": false,
      "text": "r",
      "x": 45,
      "y": 11,
    },
    {
      "background": null,
      "bold": false,
      "dim": true,
      "foreground": null,
      "italic": false,
      "text": "i",
      "x": 46,
      "y": 11,
    },
    {
      "background": null,
      "bold": false,
      "dim": true,
      "foreground": null,
      "italic": false,
      "text": "n",
      "x": 47,
      "y": 11,
    },
    {
      "background": null,
      "bold": false,
      "dim": true,
      "foreground": null,
      "italic": false,
      "text": "t",
      "x": 48,
      "y": 11,
    },
    {
      "background": null,
      "bold": false,
      "dim": true,
      "foreground": null,
      "italic": false,
      "text": "f",
      "x": 49,
      "y": 11,
    },
    {
      "background": null,
      "bold": false,
      "dim": true,
      "foreground": null,
      "italic": false,
      "text": "'",
      "x": 51,
      "y": 11,
    },
    {
      "background": null,
      "bold": false,
      "dim": true,
      "foreground": null,
      "italic": false,
      "text": "P",
      "x": 52,
      "y": 11,
    },
    {
      "background": null,
      "bold": false,
      "dim": true,
      "foreground": null,
      "italic": false,
      "text": "O",
      "x": 53,
      "y": 11,
    },
    {
      "background": null,
      "bold": false,
      "dim": true,
      "foreground": null,
      "italic": false,
      "text": "L",
      "x": 54,
      "y": 11,
    },
    {
      "background": null,
      "bold": false,
      "dim": true,
      "foreground": null,
      "italic": false,
      "text": "L",
      "x": 55,
      "y": 11,
    },
    {
      "background": null,
      "bold": false,
      "dim": true,
      "foreground": null,
      "italic": false,
      "text": "I",
      "x": 56,
      "y": 11,
    },
    {
      "background": null,
      "bold": false,
      "dim": true,
      "foreground": null,
      "italic": false,
      "text": "N",
      "x": 57,
      "y": 11,
    },
    {
      "background": null,
      "bold": false,
      "dim": true,
      "foreground": null,
      "italic": false,
      "text": "G",
      "x": 58,
      "y": 11,
    },
    {
      "background": null,
      "bold": false,
      "dim": true,
      "foreground": null,
      "italic": false,
      "text": "_",
      "x": 59,
      "y": 11,
    },
    {
      "background": null,
      "bold": false,
      "dim": true,
      "foreground": null,
      "italic": false,
      "text": "C",
      "x": 60,
      "y": 11,
    },
    {
      "background": null,
      "bold": false,
      "dim": true,
      "foreground": null,
      "italic": false,
      "text": "O",
      "x": 61,
      "y": 11,
    },
    {
      "background": null,
      "bold": false,
      "dim": true,
      "foreground": null,
      "italic": false,
      "text": "M",
      "x": 62,
      "y": 11,
    },
    {
      "background": null,
      "bold": false,
      "dim": true,
      "foreground": null,
      "italic": false,
      "text": "P",
      "x": 63,
      "y": 11,
    },
    {
      "background": null,
      "bold": false,
      "dim": true,
      "foreground": null,
      "italic": false,
      "text": "L",
      "x": 64,
      "y": 11,
    },
    {
      "background": null,
      "bold": false,
      "dim": true,
      "foreground": null,
      "italic": false,
      "text": "E",
      "x": 65,
      "y": 11,
    },
    {
      "background": null,
      "bold": false,
      "dim": true,
      "foreground": null,
      "italic": false,
      "text": "T",
      "x": 66,
      "y": 11,
    },
    {
      "background": null,
      "bold": false,
      "dim": true,
      "foreground": null,
      "italic": false,
      "text": "E",
      "x": 67,
      "y": 11,
    },
    {
      "background": null,
      "bold": false,
      "dim": true,
      "foreground": null,
      "italic": false,
      "text": "\\",
      "x": 68,
      "y": 11,
    },
    {
      "background": null,
      "bold": false,
      "dim": true,
      "foreground": null,
      "italic": false,
      "text": "n",
      "x": 69,
      "y": 11,
    },
    {
      "background": null,
      "bold": false,
      "dim": true,
      "foreground": null,
      "italic": false,
      "text": "'",
      "x": 70,
      "y": 11,
    },
  ],
}
`;
